// Jest Snapshot v1, https://goo.gl/fbAQLP

exports[`<BuildCard/> is rendered correctly 1`] = `null`;
